[(<TokenType.LEFT_PAREN: (6,)>, '('), (<TokenType.VALUE: (0,)>, '34'), (<TokenType.PLUS: (1,)>, '+'), (<TokenType.VALUE: (0,)>, '2'), (<TokenType.TIMES: (3,)>, '*'), (<TokenType.VALUE: (0,)>, 'x'), (<TokenType.RIGHT_PAREN: (7,)>, ')'), (<TokenType.DIVIDES: (4,)>, '/'), (<TokenType.VALUE: (0,)>, '14'), (<TokenType.PLUS: (1,)>, '+'), (<TokenType.VALUE: (0,)>, '17'), (<TokenType.MINUS: (2,)>, '-'), (<TokenType.VALUE: (0,)>, 'x'), (<TokenType.EXPONENTIATES: (5,)>, '^'), (<TokenType.VALUE: (0,)>, '2')]