{a : x, b : y} => ((y)+(x))+(z)
{a : (x)+(y), b : z} => (z)+((x)+(y))