{a : 2, b : 4} => ((x)*((4)*(2)))*(z)
{a : x, b : (2)*(4)} => (((2)*(4))*(x))*(z)
{a : (x)*((2)*(4)), b : z} => (z)*((x)*((2)*(4)))