{a : 2, b : (x)^(4)} => ((x)+((y)*(((x)^(4))+(2))))+(z)
{a : x, b : (y)*((2)+((x)^(4)))} => (((y)*((2)+((x)^(4))))+(x))+(z)
{a : (x)+((y)*((2)+((x)^(4)))), b : z} => (z)+((x)+((y)*((2)+((x)^(4)))))